---
source: tests/generate_plan_tests.rs
expression: plan
---
{
  "variables": {},
  "phases": [
    {
      "name": "setup",
      "nixPackages": [
        {
          "name": "coreutils"
        },
        {
          "name": "swift"
        },
        {
          "name": "clang"
        },
        {
          "name": "zlib"
        },
        {
          "name": "zlib.dev"
        }
      ],
      "nixLibraries": [],
      "nixpacksArchive": "c82b46413401efa740a0b994f52e9903a4f6dcd5",
      "aptPackages": []
    },
    {
      "name": "install",
      "dependsOn": [
        "setup"
      ],
      "commands": [
        "swift package resolve"
      ],
      "onlyIncludeFiles": [
        "Package.swift",
        "Package.resolved"
      ]
    },
    {
      "name": "build",
      "dependsOn": [
        "install"
      ],
      "commands": [
        "CC=clang++ swift build -c release --static-swift-stdlib",
        "cp ./.build/release/Run ./Run && rm -rf ./.build"
      ]
    }
  ],
  "startPhase": {
    "cmd": "./Run"
  }
}
