---
source: tests/generate_plan_tests.rs
expression: plan
---
{
  "variables": {},
  "phases": [
    {
      "name": "setup",
      "nixPackages": [
        {
          "name": "crystal"
        },
        {
          "name": "shards"
        }
      ],
      "nixLibraries": [],
      "aptPackages": []
    },
    {
      "name": "install",
      "dependsOn": [
        "setup"
      ],
      "commands": [
        "shards install"
      ]
    },
    {
      "name": "build",
      "dependsOn": [
        "install"
      ],
      "commands": [
        "shards build --release"
      ]
    }
  ],
  "startPhase": {
    "cmd": "./bin/crystal"
  }
}
