---
source: tests/generate_plan_tests.rs
expression: plan
---
{
  "variables": {},
  "phases": [
    {
      "name": "setup",
      "nixPackages": [
        {
          "name": "python38"
        }
      ],
      "nixLibraries": [],
      "aptPackages": []
    },
    {
      "name": "install",
      "dependsOn": [
        "setup"
      ],
      "commands": [
        "python -m venv /opt/venv && . /opt/venv/bin/activate && pip install -r requirements.txt"
      ],
      "onlyIncludeFiles": [
        "requirements.txt"
      ],
      "cacheDirectories": [
        "/root/.cache/pip"
      ]
    },
    {
      "name": "build",
      "dependsOn": [
        "install"
      ]
    }
  ],
  "startPhase": {
    "cmd": "python main.py"
  }
}
