---
source: tests/generate_plan_tests.rs
expression: plan
---
{
  "variables": {},
  "phases": [
    {
      "name": "setup",
      "nixPackages": [
        {
          "name": "maven"
        },
        {
          "name": "jdk8"
        }
      ],
      "nixLibraries": [],
      "aptPackages": []
    },
    {
      "name": "install",
      "dependsOn": [
        "setup"
      ]
    },
    {
      "name": "build",
      "dependsOn": [
        "install"
      ],
      "commands": [
        "mvn -DoutputFile=target/mvn-dependency-list.log -B -DskipTests clean dependency:list install"
      ]
    }
  ],
  "startPhase": {
    "cmd": "java -Dserver.port=$PORT $JAVA_OPTS -jar target/*jar"
  }
}
