---
source: tests/generate_plan_tests.rs
expression: plan
---
{
  "phases": [
    {
      "name": "setup",
      "nixPackages": [
        {
          "name": "deno"
        }
      ]
    }
  ],
  "startPhase": {
    "cmd": "deno run -A dev.ts"
  }
}
