---
source: tests/generate_plan_tests.rs
expression: plan
---
{
  "variables": {},
  "phases": [
    {
      "name": "setup",
      "nixPackages": [
        {
          "name": "zig"
        }
      ],
      "nixLibraries": [],
      "aptPackages": []
    },
    {
      "name": "install",
      "dependsOn": [
        "setup"
      ]
    },
    {
      "name": "build",
      "dependsOn": [
        "install"
      ],
      "commands": [
        "zig build -Drelease-safe=true"
      ]
    }
  ],
  "startPhase": {
    "cmd": "./zig-out/bin/zig"
  }
}
